The following packages should be updated for best compatibility with the installed expo version:
  @expo/vector-icons@14.1.0 - expected version: ^15.0.2
  expo@57.0.17 - expected version: ~57.0.18
  expo-constants@57.0.15 - expected version: ~57.0.16
  expo-system-ui@5.0.11 - expected version: ~57.0.3
  react@19.2.8 - expected version: 19.2.3
  react-native-worklets@0.10.4 - expected version: 0.10.1
Your project may not work correctly until you install the expected versions of the packages.
› Installing 6 SDK 57.0.0 compatible native modules using npm
> npm install --legacy-peer-deps

added 14 packages, removed 13 packages, and changed 5 packages in 17s

51 packages are looking for funding
  run `npm fund` for details
› Running npx expo install under the updated expo version
> expo install --fix -- --legacy-peer-deps
The following packages should be updated for best compatibility with the installed expo version:
  @expo/vector-icons@14.1.0 - expected version: ^15.0.2
  expo-system-ui@5.0.11 - expected version: ~57.0.3
  react@19.2.8 - expected version: 19.2.3
  react-native-worklets@0.10.4 - expected version: 0.10.1
Your project may not work correctly until you install the expected versions of the packages.
› Installing 4 SDK 57.0.0 compatible native modules using npm
> npm install --legacy-peer-deps

removed 1 package, and changed 4 packages in 6s

51 packages are looking for funding
  run `npm fund` for details
